2026-05-05 14:34:53.619 +07:00 [WRN] The query uses the 'First'/'FirstOrDefault' operator without 'OrderBy' and filter operators. This may lead to unpredictable results.
2026-05-05 14:35:17.078 +07:00 [WRN] Failed to determine the https port for redirect.
2026-05-05 14:35:17.086 +07:00 [INF] HTTP OPTIONS /api/auth/login responded 204 in 3.2565 ms
2026-05-05 14:35:17.336 +07:00 [INF] POST /api/auth/login — Email: Test12@example.com
2026-05-05 14:35:17.610 +07:00 [ERR] HTTP POST /api/auth/login responded 500 in 508.9400 ms
HotelManagement.Exceptions.AppException: Email hoặc mật khẩu không đúng.
   at HotelManagement.Services.Implementations.AuthService.LoginAsync(LoginRequestDto dto) in C:\Users\MSI\source\Do_An_2\Backend\Services\Implementations\AuthService.cs:line 87
   at HotelManagement.Controllers.AuthController.Login(LoginRequestDto dto) in C:\Users\MSI\source\Do_An_2\Backend\Controllers\AuthController.cs:line 35
   at Microsoft.AspNetCore.Mvc.Infrastructure.ActionMethodExecutor.TaskOfIActionResultExecutor.Execute(ActionContext actionContext, IActionResultTypeMapper mapper, ObjectMethodExecutor executor, Object controller, Object[] arguments)
   at Microsoft.AspNetCore.Mvc.Infrastructure.ControllerActionInvoker.<InvokeActionMethodAsync>g__Awaited|12_0(ControllerActionInvoker invoker, ValueTask`1 actionResultValueTask)
   at Microsoft.AspNetCore.Mvc.Infrastructure.ControllerActionInvoker.<InvokeNextActionFilterAsync>g__Awaited|10_0(ControllerActionInvoker invoker, Task lastTask, State next, Scope scope, Object state, Boolean isCompleted)
   at Microsoft.AspNetCore.Mvc.Infrastructure.ControllerActionInvoker.Rethrow(ActionExecutedContextSealed context)
   at Microsoft.AspNetCore.Mvc.Infrastructure.ControllerActionInvoker.Next(State& next, Scope& scope, Object& state, Boolean& isCompleted)
   at Microsoft.AspNetCore.Mvc.Infrastructure.ControllerActionInvoker.<InvokeInnerFilterAsync>g__Awaited|13_0(ControllerActionInvoker invoker, Task lastTask, State next, Scope scope, Object state, Boolean isCompleted)
   at Microsoft.AspNetCore.Mvc.Infrastructure.ResourceInvoker.<InvokeFilterPipelineAsync>g__Awaited|20_0(ResourceInvoker invoker, Task lastTask, State next, Scope scope, Object state, Boolean isCompleted)
   at Microsoft.AspNetCore.Mvc.Infrastructure.ResourceInvoker.<InvokeAsync>g__Awaited|17_0(ResourceInvoker invoker, Task task, IDisposable scope)
   at Microsoft.AspNetCore.Mvc.Infrastructure.ResourceInvoker.<InvokeAsync>g__Awaited|17_0(ResourceInvoker invoker, Task task, IDisposable scope)
   at Microsoft.AspNetCore.Authorization.AuthorizationMiddleware.Invoke(HttpContext context)
   at Microsoft.AspNetCore.Authentication.AuthenticationMiddleware.Invoke(HttpContext context)
   at Serilog.AspNetCore.RequestLoggingMiddleware.Invoke(HttpContext httpContext)
2026-05-05 14:35:17.634 +07:00 [WRN] AppException [401]: Email hoặc mật khẩu không đúng.
2026-05-05 14:35:20.954 +07:00 [INF] POST /api/auth/login — Email: Test12@example.com
2026-05-05 14:35:21.304 +07:00 [INF] User 'Test12' logged in.
2026-05-05 14:35:21.326 +07:00 [INF] HTTP POST /api/auth/login responded 200 in 382.6792 ms
2026-05-05 14:35:21.331 +07:00 [INF] HTTP OPTIONS /api/session/runtime-id responded 204 in 0.1852 ms
2026-05-05 14:35:21.369 +07:00 [INF] HTTP OPTIONS /api/hotels/all responded 204 in 0.1086 ms
2026-05-05 14:35:21.369 +07:00 [INF] HTTP OPTIONS /api/rooms responded 204 in 0.0388 ms
2026-05-05 14:35:21.379 +07:00 [INF] HTTP GET /api/session/runtime-id responded 200 in 45.0570 ms
2026-05-05 14:35:21.492 +07:00 [INF] HTTP GET /api/hotels/all responded 200 in 119.3784 ms
2026-05-05 14:35:21.501 +07:00 [INF] HTTP GET /api/rooms responded 200 in 127.0347 ms
2026-05-05 14:35:21.538 +07:00 [INF] HTTP GET /uploads/202605/14b8cbed619f4a488c5594f3366b28ac.jpg responded 304 in 5.7045 ms
2026-05-05 14:35:21.538 +07:00 [INF] HTTP GET /uploads/202605/5fb7bad542924a3689df459d3b6bd10f.jpg responded 304 in 5.6834 ms
2026-05-05 14:35:21.538 +07:00 [INF] HTTP GET /uploads/202605/873f58b9c0fa44c9a3b84aa270ac10ac.jpg responded 304 in 5.6805 ms
2026-05-05 14:35:21.538 +07:00 [INF] HTTP GET /uploads/202605/b5d869f5f0c04df6a9e0188b950ca814.jpg responded 304 in 5.7619 ms
2026-05-05 14:35:21.538 +07:00 [INF] HTTP GET /uploads/202605/42a199d928fb4c41b85a1c2bf1c2f328.jpg responded 304 in 5.7543 ms
2026-05-05 14:35:21.538 +07:00 [INF] HTTP GET /uploads/202605/d3db65df8a0d4c07a5d718fc8534f3cf.jpg responded 304 in 5.0030 ms
2026-05-05 14:35:29.555 +07:00 [INF] HTTP OPTIONS /api/auth/login responded 204 in 0.1244 ms
2026-05-05 14:35:29.567 +07:00 [INF] POST /api/auth/login — Email: admin@hotel.com
2026-05-05 14:35:29.810 +07:00 [INF] User 'admin' logged in.
2026-05-05 14:35:29.811 +07:00 [INF] HTTP POST /api/auth/login responded 200 in 252.4377 ms
2026-05-05 14:35:29.815 +07:00 [INF] HTTP OPTIONS /api/session/runtime-id responded 204 in 0.0770 ms
2026-05-05 14:35:29.820 +07:00 [INF] HTTP GET /api/session/runtime-id responded 200 in 1.4199 ms
2026-05-05 14:35:29.892 +07:00 [INF] HTTP OPTIONS /api/rooms responded 204 in 0.0683 ms
2026-05-05 14:35:29.906 +07:00 [INF] HTTP GET /api/rooms responded 200 in 10.6974 ms
2026-05-05 14:35:29.945 +07:00 [INF] HTTP OPTIONS /hubs/room/negotiate responded 204 in 0.3158 ms
2026-05-05 14:35:29.945 +07:00 [INF] HTTP OPTIONS /hubs/room/negotiate responded 204 in 0.0341 ms
2026-05-05 14:35:29.958 +07:00 [INF] HTTP POST /hubs/room/negotiate responded 200 in 9.4708 ms
2026-05-05 14:35:29.958 +07:00 [INF] HTTP POST /hubs/room/negotiate responded 200 in 10.6866 ms
2026-05-05 14:35:30.045 +07:00 [INF] SignalR Connected: UserId=1, Role=, ConnId=4rvxLtRTE8hjNpIkMonxJw
2026-05-05 14:35:30.048 +07:00 [INF] SignalR Connected: UserId=1, Role=, ConnId=uxrtJ1XHyxhJJIsPWyYDUQ
2026-05-05 14:35:34.631 +07:00 [INF] HTTP OPTIONS /api/reports/revenue responded 204 in 0.1550 ms
2026-05-05 14:35:34.631 +07:00 [INF] HTTP OPTIONS /api/reports/occupancy responded 204 in 0.1531 ms
2026-05-05 14:35:34.652 +07:00 [INF] GET /api/reports/revenue — From: "2026-04-28T00:00:00.0000000", To: "2026-05-05T00:00:00.0000000"
2026-05-05 14:35:34.652 +07:00 [INF] GET /api/reports/occupancy — From: "2026-05-05T00:00:00.0000000", To: "2026-05-05T00:00:00.0000000", Hotel: null
2026-05-05 14:35:34.727 +07:00 [INF] HTTP GET /api/reports/occupancy responded 200 in 91.1514 ms
2026-05-05 14:35:34.760 +07:00 [INF] HTTP GET /api/reports/revenue responded 200 in 124.5083 ms
2026-05-05 14:37:37.330 +07:00 [INF] SignalR Disconnected: ConnId=4rvxLtRTE8hjNpIkMonxJw
2026-05-05 14:37:37.330 +07:00 [INF] SignalR Disconnected: ConnId=uxrtJ1XHyxhJJIsPWyYDUQ
2026-05-05 14:37:37.333 +07:00 [INF] HTTP GET /hubs/room responded 101 in 127289.5623 ms
2026-05-05 14:37:37.333 +07:00 [INF] HTTP GET /hubs/room responded 101 in 127310.6867 ms
2026-05-05 14:37:37.488 +07:00 [INF] HTTP OPTIONS /api/session/runtime-id responded 204 in 0.1247 ms
2026-05-05 14:37:37.495 +07:00 [INF] HTTP GET /api/session/runtime-id responded 200 in 0.5112 ms
2026-05-05 14:37:37.528 +07:00 [INF] HTTP OPTIONS /api/hotels/all responded 204 in 0.0664 ms
2026-05-05 14:37:37.528 +07:00 [INF] HTTP OPTIONS /api/rooms responded 204 in 0.0239 ms
2026-05-05 14:37:37.546 +07:00 [INF] HTTP GET /api/rooms responded 200 in 12.0496 ms
2026-05-05 14:37:37.546 +07:00 [INF] HTTP GET /api/hotels/all responded 200 in 12.0735 ms
2026-05-05 14:37:37.557 +07:00 [INF] HTTP GET /api/session/runtime-id responded 200 in 0.3721 ms
2026-05-05 14:37:37.661 +07:00 [INF] HTTP OPTIONS /api/reports/revenue responded 204 in 0.0261 ms
2026-05-05 14:37:37.661 +07:00 [INF] HTTP OPTIONS /api/reports/occupancy responded 204 in 0.0730 ms
2026-05-05 14:37:37.672 +07:00 [INF] GET /api/reports/revenue — From: "2026-04-28T00:00:00.0000000", To: "2026-05-05T00:00:00.0000000"
2026-05-05 14:37:37.672 +07:00 [INF] GET /api/reports/occupancy — From: "2026-05-05T00:00:00.0000000", To: "2026-05-05T00:00:00.0000000", Hotel: null
2026-05-05 14:37:37.678 +07:00 [INF] HTTP GET /api/reports/revenue responded 200 in 13.2658 ms
2026-05-05 14:37:37.678 +07:00 [INF] HTTP GET /api/reports/occupancy responded 200 in 11.9485 ms
2026-05-05 14:37:37.701 +07:00 [INF] HTTP OPTIONS /hubs/room/negotiate responded 204 in 0.0824 ms
2026-05-05 14:37:37.709 +07:00 [INF] HTTP POST /hubs/room/negotiate responded 200 in 0.6581 ms
2026-05-05 14:37:37.752 +07:00 [INF] SignalR Connected: UserId=1, Role=, ConnId=zcsQPnzvBq470ynL_yB5IA
2026-05-05 14:38:39.344 +07:00 [INF] SignalR Disconnected: ConnId=zcsQPnzvBq470ynL_yB5IA
2026-05-05 14:38:39.345 +07:00 [INF] HTTP GET /hubs/room responded 101 in 61594.9310 ms
2026-05-05 14:38:39.429 +07:00 [INF] HTTP OPTIONS /api/session/runtime-id responded 204 in 0.0786 ms
2026-05-05 14:38:39.435 +07:00 [INF] HTTP GET /api/session/runtime-id responded 200 in 0.6611 ms
2026-05-05 14:38:39.443 +07:00 [INF] HTTP GET /api/session/runtime-id responded 200 in 0.4544 ms
2026-05-05 14:38:39.469 +07:00 [INF] HTTP OPTIONS /api/hotels/all responded 204 in 0.0757 ms
2026-05-05 14:38:39.469 +07:00 [INF] HTTP OPTIONS /api/rooms responded 204 in 0.0376 ms
2026-05-05 14:38:39.487 +07:00 [INF] HTTP GET /api/hotels/all responded 200 in 14.0141 ms
2026-05-05 14:38:39.487 +07:00 [INF] HTTP GET /api/rooms responded 200 in 12.9105 ms
2026-05-05 14:38:39.544 +07:00 [INF] HTTP OPTIONS /api/reports/occupancy responded 204 in 0.0687 ms
2026-05-05 14:38:39.544 +07:00 [INF] HTTP OPTIONS /api/reports/revenue responded 204 in 0.0203 ms
2026-05-05 14:38:39.557 +07:00 [INF] GET /api/reports/revenue — From: "2026-04-28T00:00:00.0000000", To: "2026-05-05T00:00:00.0000000"
2026-05-05 14:38:39.557 +07:00 [INF] GET /api/reports/occupancy — From: "2026-05-05T00:00:00.0000000", To: "2026-05-05T00:00:00.0000000", Hotel: null
2026-05-05 14:38:39.563 +07:00 [INF] HTTP GET /api/reports/revenue responded 200 in 13.7347 ms
2026-05-05 14:38:39.563 +07:00 [INF] HTTP GET /api/reports/occupancy responded 200 in 15.0462 ms
2026-05-05 14:38:39.564 +07:00 [INF] HTTP OPTIONS /hubs/room/negotiate responded 204 in 0.0845 ms
2026-05-05 14:38:39.571 +07:00 [INF] HTTP POST /hubs/room/negotiate responded 200 in 0.6453 ms
2026-05-05 14:38:39.608 +07:00 [INF] SignalR Connected: UserId=1, Role=, ConnId=_l_9WdO-_xQEIFplVxIN-Q
2026-05-05 14:38:41.305 +07:00 [INF] SignalR Disconnected: ConnId=_l_9WdO-_xQEIFplVxIN-Q
2026-05-05 14:38:41.306 +07:00 [INF] HTTP GET /hubs/room responded 101 in 1700.3265 ms
2026-05-05 14:38:41.364 +07:00 [INF] HTTP GET /api/session/runtime-id responded 200 in 0.4754 ms
2026-05-05 14:38:41.404 +07:00 [INF] GET /api/reports/revenue — From: "2026-04-28T00:00:00.0000000", To: "2026-05-05T00:00:00.0000000"
2026-05-05 14:38:41.404 +07:00 [INF] GET /api/reports/occupancy — From: "2026-05-05T00:00:00.0000000", To: "2026-05-05T00:00:00.0000000", Hotel: null
2026-05-05 14:38:41.405 +07:00 [INF] HTTP OPTIONS /hubs/room/negotiate responded 204 in 0.0441 ms
2026-05-05 14:38:41.410 +07:00 [INF] HTTP GET /api/reports/occupancy responded 200 in 13.0856 ms
2026-05-05 14:38:41.410 +07:00 [INF] HTTP GET /api/reports/revenue responded 200 in 13.0856 ms
2026-05-05 14:38:41.414 +07:00 [INF] HTTP POST /hubs/room/negotiate responded 200 in 0.5867 ms
2026-05-05 14:38:41.436 +07:00 [INF] SignalR Connected: UserId=1, Role=, ConnId=jswMJnB2VzzDWEU03McOOA
2026-05-05 14:40:03.758 +07:00 [INF] SignalR Disconnected: ConnId=jswMJnB2VzzDWEU03McOOA
2026-05-05 14:40:03.759 +07:00 [INF] HTTP GET /hubs/room responded 101 in 82324.4378 ms
2026-05-05 14:40:03.841 +07:00 [INF] HTTP OPTIONS /api/session/runtime-id responded 204 in 0.0489 ms
2026-05-05 14:40:03.845 +07:00 [INF] HTTP GET /api/session/runtime-id responded 200 in 0.7066 ms
2026-05-05 14:40:03.889 +07:00 [INF] HTTP OPTIONS /api/reports/occupancy responded 204 in 0.0576 ms
2026-05-05 14:40:03.889 +07:00 [INF] HTTP OPTIONS /api/reports/revenue responded 204 in 0.2099 ms
2026-05-05 14:40:03.902 +07:00 [INF] HTTP OPTIONS /hubs/room/negotiate responded 204 in 0.0672 ms
2026-05-05 14:40:03.908 +07:00 [INF] HTTP POST /hubs/room/negotiate responded 200 in 0.8465 ms
2026-05-05 14:40:03.916 +07:00 [INF] GET /api/reports/occupancy — From: "2026-05-05T00:00:00.0000000", To: "2026-05-05T00:00:00.0000000", Hotel: null
2026-05-05 14:40:03.916 +07:00 [INF] GET /api/reports/revenue — From: "2026-04-28T00:00:00.0000000", To: "2026-05-05T00:00:00.0000000"
2026-05-05 14:40:03.924 +07:00 [INF] HTTP GET /api/reports/occupancy responded 200 in 24.3076 ms
2026-05-05 14:40:03.924 +07:00 [INF] HTTP GET /api/reports/revenue responded 200 in 24.1718 ms
2026-05-05 14:40:03.927 +07:00 [INF] SignalR Connected: UserId=1, Role=, ConnId=yHSnhor7xAW85ETi8UivDQ
2026-05-05 14:40:04.435 +07:00 [INF] HTTP GET /api/session/runtime-id responded 200 in 0.4543 ms
2026-05-05 14:40:04.475 +07:00 [INF] HTTP OPTIONS /api/hotels/all responded 204 in 0.0760 ms
2026-05-05 14:40:04.475 +07:00 [INF] HTTP OPTIONS /api/rooms responded 204 in 0.0140 ms
2026-05-05 14:40:04.494 +07:00 [INF] HTTP GET /api/hotels/all responded 200 in 14.7096 ms
2026-05-05 14:40:04.494 +07:00 [INF] HTTP GET /api/rooms responded 200 in 12.8618 ms
2026-05-05 14:40:13.903 +07:00 [INF] HTTP OPTIONS /api/hotels responded 204 in 0.1266 ms
2026-05-05 14:40:13.956 +07:00 [INF] HTTP GET /api/hotels responded 200 in 49.5587 ms
2026-05-05 14:40:15.785 +07:00 [INF] HTTP OPTIONS /api/reports/occupancy responded 204 in 0.0472 ms
2026-05-05 14:40:15.785 +07:00 [INF] HTTP OPTIONS /api/reports/revenue responded 204 in 0.0204 ms
2026-05-05 14:40:15.798 +07:00 [INF] GET /api/reports/occupancy — From: "2026-05-05T00:00:00.0000000", To: "2026-05-05T00:00:00.0000000", Hotel: null
2026-05-05 14:40:15.798 +07:00 [INF] GET /api/reports/revenue — From: "2026-04-28T00:00:00.0000000", To: "2026-05-05T00:00:00.0000000"
2026-05-05 14:40:15.802 +07:00 [INF] HTTP GET /api/reports/occupancy responded 200 in 14.0289 ms
2026-05-05 14:40:15.802 +07:00 [INF] HTTP GET /api/reports/revenue responded 200 in 13.0023 ms
2026-05-05 14:40:17.065 +07:00 [INF] HTTP GET /api/hotels responded 200 in 14.5970 ms
2026-05-05 14:40:21.318 +07:00 [INF] HTTP OPTIONS /api/reports/occupancy responded 204 in 0.0431 ms
2026-05-05 14:40:21.318 +07:00 [INF] HTTP OPTIONS /api/reports/revenue responded 204 in 0.0125 ms
2026-05-05 14:40:21.328 +07:00 [INF] GET /api/reports/occupancy — From: "2026-05-05T00:00:00.0000000", To: "2026-05-05T00:00:00.0000000", Hotel: null
2026-05-05 14:40:21.328 +07:00 [INF] GET /api/reports/revenue — From: "2026-04-28T00:00:00.0000000", To: "2026-05-05T00:00:00.0000000"
2026-05-05 14:40:21.333 +07:00 [INF] HTTP GET /api/reports/occupancy responded 200 in 10.9927 ms
2026-05-05 14:40:21.333 +07:00 [INF] HTTP GET /api/reports/revenue responded 200 in 10.0399 ms
2026-05-05 14:40:29.073 +07:00 [INF] HTTP OPTIONS /api/hotels responded 204 in 0.0463 ms
2026-05-05 14:40:29.090 +07:00 [INF] HTTP GET /api/hotels responded 200 in 13.6992 ms
2026-05-05 14:40:29.808 +07:00 [INF] HTTP OPTIONS /api/reports/occupancy responded 204 in 0.0504 ms
2026-05-05 14:40:29.808 +07:00 [INF] HTTP OPTIONS /api/reports/revenue responded 204 in 0.0354 ms
2026-05-05 14:40:29.822 +07:00 [INF] GET /api/reports/occupancy — From: "2026-05-05T00:00:00.0000000", To: "2026-05-05T00:00:00.0000000", Hotel: null
2026-05-05 14:40:29.822 +07:00 [INF] GET /api/reports/revenue — From: "2026-04-28T00:00:00.0000000", To: "2026-05-05T00:00:00.0000000"
2026-05-05 14:40:29.826 +07:00 [INF] HTTP GET /api/reports/occupancy responded 200 in 11.6211 ms
2026-05-05 14:40:29.826 +07:00 [INF] HTTP GET /api/reports/revenue responded 200 in 11.0434 ms
2026-05-05 14:42:02.312 +07:00 [INF] SignalR Disconnected: ConnId=yHSnhor7xAW85ETi8UivDQ
2026-05-05 14:42:02.314 +07:00 [INF] HTTP GET /hubs/room responded 101 in 118392.7233 ms
2026-05-05 14:42:02.490 +07:00 [INF] HTTP OPTIONS /api/session/runtime-id responded 204 in 0.0335 ms
2026-05-05 14:42:02.495 +07:00 [INF] HTTP GET /api/session/runtime-id responded 200 in 0.3676 ms
2026-05-05 14:42:02.544 +07:00 [INF] HTTP OPTIONS /api/hotels/all responded 204 in 0.0446 ms
2026-05-05 14:42:02.547 +07:00 [INF] HTTP OPTIONS /api/rooms responded 204 in 0.0455 ms
2026-05-05 14:42:02.559 +07:00 [INF] HTTP GET /api/hotels/all responded 200 in 10.7227 ms
2026-05-05 14:42:02.560 +07:00 [INF] HTTP GET /api/rooms responded 200 in 8.5816 ms
2026-05-05 14:42:02.572 +07:00 [INF] HTTP GET /api/session/runtime-id responded 200 in 0.2508 ms
2026-05-05 14:42:02.667 +07:00 [INF] HTTP OPTIONS /api/reports/occupancy responded 204 in 0.0425 ms
2026-05-05 14:42:02.667 +07:00 [INF] HTTP OPTIONS /api/reports/revenue responded 204 in 0.0115 ms
2026-05-05 14:42:02.675 +07:00 [INF] GET /api/reports/occupancy — From: "2026-05-05T00:00:00.0000000", To: "2026-05-05T00:00:00.0000000", Hotel: null
2026-05-05 14:42:02.675 +07:00 [INF] GET /api/reports/revenue — From: "2026-04-28T00:00:00.0000000", To: "2026-05-05T00:00:00.0000000"
2026-05-05 14:42:02.679 +07:00 [INF] HTTP GET /api/reports/occupancy responded 200 in 9.7742 ms
2026-05-05 14:42:02.681 +07:00 [INF] HTTP GET /api/reports/revenue responded 200 in 10.6731 ms
2026-05-05 14:42:02.702 +07:00 [INF] HTTP OPTIONS /hubs/room/negotiate responded 204 in 0.0597 ms
2026-05-05 14:42:02.705 +07:00 [INF] HTTP POST /hubs/room/negotiate responded 200 in 0.3931 ms
2026-05-05 14:42:02.772 +07:00 [INF] SignalR Connected: UserId=1, Role=, ConnId=yJXRENvhAA2pIIqkyoESlQ
2026-05-05 14:42:09.235 +07:00 [INF] SignalR Disconnected: ConnId=yJXRENvhAA2pIIqkyoESlQ
2026-05-05 14:42:09.236 +07:00 [INF] HTTP GET /hubs/room responded 101 in 6465.1943 ms
2026-05-05 14:42:09.291 +07:00 [INF] HTTP OPTIONS /api/session/runtime-id responded 204 in 0.0324 ms
2026-05-05 14:42:09.296 +07:00 [INF] HTTP GET /api/session/runtime-id responded 200 in 0.4405 ms
2026-05-05 14:42:09.325 +07:00 [INF] HTTP OPTIONS /api/reports/occupancy responded 204 in 0.0362 ms
2026-05-05 14:42:09.325 +07:00 [INF] HTTP OPTIONS /api/reports/revenue responded 204 in 0.0089 ms
2026-05-05 14:42:09.334 +07:00 [INF] HTTP OPTIONS /hubs/room/negotiate responded 204 in 0.0566 ms
2026-05-05 14:42:09.336 +07:00 [INF] GET /api/reports/revenue — From: "2026-04-28T00:00:00.0000000", To: "2026-05-05T00:00:00.0000000"
2026-05-05 14:42:09.336 +07:00 [INF] GET /api/reports/occupancy — From: "2026-05-05T00:00:00.0000000", To: "2026-05-05T00:00:00.0000000", Hotel: null
2026-05-05 14:42:09.341 +07:00 [INF] HTTP GET /api/reports/revenue responded 200 in 11.7507 ms
2026-05-05 14:42:09.341 +07:00 [INF] HTTP GET /api/reports/occupancy responded 200 in 12.7780 ms
2026-05-05 14:42:09.342 +07:00 [INF] HTTP POST /hubs/room/negotiate responded 200 in 0.5446 ms
2026-05-05 14:42:09.366 +07:00 [INF] SignalR Connected: UserId=1, Role=, ConnId=G3AlsAqP8tA-IwajsqUupw
2026-05-05 14:42:11.469 +07:00 [INF] HTTP GET /api/session/runtime-id responded 200 in 0.3899 ms
2026-05-05 14:42:11.491 +07:00 [INF] HTTP OPTIONS /api/hotels/all responded 204 in 0.0375 ms
2026-05-05 14:42:11.491 +07:00 [INF] HTTP OPTIONS /api/rooms responded 204 in 0.0103 ms
2026-05-05 14:42:11.504 +07:00 [INF] HTTP GET /api/hotels/all responded 200 in 9.3897 ms
2026-05-05 14:42:11.506 +07:00 [INF] HTTP GET /api/rooms responded 200 in 9.6441 ms
2026-05-05 14:42:28.437 +07:00 [INF] SignalR Disconnected: ConnId=G3AlsAqP8tA-IwajsqUupw
2026-05-05 14:42:28.438 +07:00 [INF] HTTP GET /hubs/room responded 101 in 19073.5863 ms
2026-05-05 14:42:28.493 +07:00 [INF] HTTP OPTIONS /api/session/runtime-id responded 204 in 0.0360 ms
2026-05-05 14:42:28.499 +07:00 [INF] HTTP GET /api/session/runtime-id responded 200 in 0.3263 ms
2026-05-05 14:42:28.524 +07:00 [INF] HTTP OPTIONS /api/reports/occupancy responded 204 in 0.0418 ms
2026-05-05 14:42:28.524 +07:00 [INF] HTTP OPTIONS /api/reports/revenue responded 204 in 0.0263 ms
2026-05-05 14:42:28.532 +07:00 [INF] HTTP OPTIONS /hubs/room/negotiate responded 204 in 0.0452 ms
2026-05-05 14:42:28.534 +07:00 [INF] GET /api/reports/occupancy — From: "2026-05-05T00:00:00.0000000", To: "2026-05-05T00:00:00.0000000", Hotel: null
2026-05-05 14:42:28.534 +07:00 [INF] GET /api/reports/revenue — From: "2026-04-28T00:00:00.0000000", To: "2026-05-05T00:00:00.0000000"
2026-05-05 14:42:28.535 +07:00 [INF] HTTP POST /hubs/room/negotiate responded 200 in 0.3705 ms
2026-05-05 14:42:28.538 +07:00 [INF] HTTP GET /api/reports/occupancy responded 200 in 11.6668 ms
2026-05-05 14:42:28.538 +07:00 [INF] HTTP GET /api/reports/revenue responded 200 in 10.7918 ms
2026-05-05 14:42:28.562 +07:00 [INF] SignalR Connected: UserId=1, Role=, ConnId=bZLLWGFoNdSAM2RLb13S4A
2026-05-05 14:43:47.255 +07:00 [INF] HTTP OPTIONS /api/auth/refresh responded 204 in 0.0433 ms
2026-05-05 14:43:47.268 +07:00 [INF] POST /api/auth/refresh
2026-05-05 14:43:47.287 +07:00 [INF] Token refreshed for user 'admin'.
2026-05-05 14:43:47.288 +07:00 [INF] HTTP POST /api/auth/refresh responded 200 in 30.3169 ms
2026-05-05 14:43:51.751 +07:00 [INF] POST /api/auth/refresh
2026-05-05 14:43:51.757 +07:00 [INF] Token refreshed for user 'Test12'.
2026-05-05 14:43:51.758 +07:00 [INF] HTTP POST /api/auth/refresh responded 200 in 13.2533 ms
2026-05-05 14:44:14.320 +07:00 [INF] SignalR Disconnected: ConnId=bZLLWGFoNdSAM2RLb13S4A
2026-05-05 14:44:14.322 +07:00 [INF] HTTP GET /hubs/room responded 101 in 105774.9159 ms
2026-05-05 14:44:14.469 +07:00 [INF] HTTP OPTIONS /api/session/runtime-id responded 204 in 0.0465 ms
2026-05-05 14:44:14.478 +07:00 [INF] HTTP GET /api/session/runtime-id responded 200 in 0.3844 ms
2026-05-05 14:44:14.514 +07:00 [INF] HTTP OPTIONS /api/hotels/all responded 204 in 0.0444 ms
2026-05-05 14:44:14.514 +07:00 [INF] HTTP OPTIONS /api/rooms responded 204 in 0.0118 ms
2026-05-05 14:44:14.528 +07:00 [INF] HTTP GET /api/hotels/all responded 200 in 10.2576 ms
2026-05-05 14:44:14.532 +07:00 [INF] HTTP GET /api/rooms responded 200 in 11.3125 ms
2026-05-05 14:44:14.557 +07:00 [INF] HTTP GET /api/session/runtime-id responded 200 in 0.2824 ms
2026-05-05 14:44:14.669 +07:00 [INF] HTTP OPTIONS /api/reports/occupancy responded 204 in 0.0400 ms
2026-05-05 14:44:14.669 +07:00 [INF] HTTP OPTIONS /api/reports/revenue responded 204 in 0.0115 ms
2026-05-05 14:44:14.679 +07:00 [INF] GET /api/reports/occupancy — From: "2026-05-05T00:00:00.0000000", To: "2026-05-05T00:00:00.0000000", Hotel: null
2026-05-05 14:44:14.680 +07:00 [INF] GET /api/reports/revenue — From: "2026-04-28T00:00:00.0000000", To: "2026-05-05T00:00:00.0000000"
2026-05-05 14:44:14.683 +07:00 [INF] HTTP GET /api/reports/occupancy responded 200 in 11.1670 ms
2026-05-05 14:44:14.683 +07:00 [INF] HTTP GET /api/reports/revenue responded 200 in 9.7391 ms
2026-05-05 14:44:14.709 +07:00 [INF] HTTP OPTIONS /hubs/room/negotiate responded 204 in 0.0477 ms
2026-05-05 14:44:14.712 +07:00 [INF] HTTP POST /hubs/room/negotiate responded 200 in 0.3007 ms
2026-05-05 14:44:14.782 +07:00 [INF] SignalR Connected: UserId=1, Role=, ConnId=DodL9fEJguAlbQOJMIBIKw
2026-05-05 14:44:21.270 +07:00 [INF] SignalR Disconnected: ConnId=DodL9fEJguAlbQOJMIBIKw
2026-05-05 14:44:21.271 +07:00 [INF] HTTP GET /hubs/room responded 101 in 6490.8550 ms
2026-05-05 14:44:31.144 +07:00 [WRN] The query uses the 'First'/'FirstOrDefault' operator without 'OrderBy' and filter operators. This may lead to unpredictable results.
2026-05-05 14:44:39.350 +07:00 [WRN] Failed to determine the https port for redirect.
2026-05-05 14:44:39.359 +07:00 [INF] HTTP OPTIONS /hubs/room/negotiate responded 204 in 3.6206 ms
2026-05-05 14:44:39.454 +07:00 [INF] HTTP POST /hubs/room/negotiate responded 200 in 78.9184 ms
2026-05-05 14:44:39.486 +07:00 [INF] SignalR Connected: UserId=1, Role=, ConnId=wHoMMO8LQM66I341Ae7aLg
2026-05-05 14:44:41.984 +07:00 [INF] SignalR Disconnected: ConnId=wHoMMO8LQM66I341Ae7aLg
2026-05-05 14:44:41.988 +07:00 [INF] HTTP GET /hubs/room responded 101 in 2527.6929 ms
2026-05-05 14:44:42.138 +07:00 [INF] HTTP OPTIONS /api/session/runtime-id responded 204 in 0.1420 ms
2026-05-05 14:44:42.179 +07:00 [INF] HTTP OPTIONS /api/reports/occupancy responded 204 in 0.1035 ms
2026-05-05 14:44:42.180 +07:00 [INF] HTTP OPTIONS /api/reports/revenue responded 204 in 0.0659 ms
2026-05-05 14:44:42.189 +07:00 [INF] HTTP OPTIONS /hubs/room/negotiate responded 204 in 0.0973 ms
2026-05-05 14:44:42.194 +07:00 [INF] HTTP POST /hubs/room/negotiate responded 200 in 1.0257 ms
2026-05-05 14:44:42.205 +07:00 [INF] HTTP GET /api/session/runtime-id responded 200 in 60.1119 ms
2026-05-05 14:44:42.229 +07:00 [INF] GET /api/reports/revenue — From: "2026-04-28T00:00:00.0000000", To: "2026-05-05T00:00:00.0000000"
2026-05-05 14:44:42.229 +07:00 [INF] GET /api/reports/occupancy — From: "2026-05-05T00:00:00.0000000", To: "2026-05-05T00:00:00.0000000", Hotel: null
2026-05-05 14:44:42.238 +07:00 [INF] SignalR Connected: UserId=1, Role=, ConnId=uBUlL7jwk5vdUFI1cazicg
2026-05-05 14:44:42.422 +07:00 [INF] HTTP GET /api/reports/revenue responded 200 in 237.1908 ms
2026-05-05 14:44:42.422 +07:00 [INF] HTTP GET /api/reports/occupancy responded 200 in 237.2060 ms
2026-05-05 14:44:44.463 +07:00 [INF] SignalR Disconnected: ConnId=uBUlL7jwk5vdUFI1cazicg
2026-05-05 14:44:44.464 +07:00 [INF] HTTP GET /hubs/room responded 101 in 2255.8878 ms
2026-05-05 14:44:44.588 +07:00 [INF] HTTP GET /api/session/runtime-id responded 200 in 2.3817 ms
2026-05-05 14:45:02.730 +07:00 [INF] HTTP OPTIONS /api/auth/login responded 204 in 0.0912 ms
2026-05-05 14:45:02.905 +07:00 [INF] POST /api/auth/login — Email: Test12@example.com
2026-05-05 14:45:03.230 +07:00 [ERR] HTTP POST /api/auth/login responded 500 in 495.1692 ms
HotelManagement.Exceptions.AppException: Email hoặc mật khẩu không đúng.
   at HotelManagement.Services.Implementations.AuthService.LoginAsync(LoginRequestDto dto) in C:\Users\MSI\source\Do_An_2\Backend\Services\Implementations\AuthService.cs:line 87
   at HotelManagement.Controllers.AuthController.Login(LoginRequestDto dto) in C:\Users\MSI\source\Do_An_2\Backend\Controllers\AuthController.cs:line 35
   at Microsoft.AspNetCore.Mvc.Infrastructure.ActionMethodExecutor.TaskOfIActionResultExecutor.Execute(ActionContext actionContext, IActionResultTypeMapper mapper, ObjectMethodExecutor executor, Object controller, Object[] arguments)
   at Microsoft.AspNetCore.Mvc.Infrastructure.ControllerActionInvoker.<InvokeActionMethodAsync>g__Awaited|12_0(ControllerActionInvoker invoker, ValueTask`1 actionResultValueTask)
   at Microsoft.AspNetCore.Mvc.Infrastructure.ControllerActionInvoker.<InvokeNextActionFilterAsync>g__Awaited|10_0(ControllerActionInvoker invoker, Task lastTask, State next, Scope scope, Object state, Boolean isCompleted)
   at Microsoft.AspNetCore.Mvc.Infrastructure.ControllerActionInvoker.Rethrow(ActionExecutedContextSealed context)
   at Microsoft.AspNetCore.Mvc.Infrastructure.ControllerActionInvoker.Next(State& next, Scope& scope, Object& state, Boolean& isCompleted)
   at Microsoft.AspNetCore.Mvc.Infrastructure.ControllerActionInvoker.<InvokeInnerFilterAsync>g__Awaited|13_0(ControllerActionInvoker invoker, Task lastTask, State next, Scope scope, Object state, Boolean isCompleted)
   at Microsoft.AspNetCore.Mvc.Infrastructure.ResourceInvoker.<InvokeFilterPipelineAsync>g__Awaited|20_0(ResourceInvoker invoker, Task lastTask, State next, Scope scope, Object state, Boolean isCompleted)
   at Microsoft.AspNetCore.Mvc.Infrastructure.ResourceInvoker.<InvokeAsync>g__Awaited|17_0(ResourceInvoker invoker, Task task, IDisposable scope)
   at Microsoft.AspNetCore.Mvc.Infrastructure.ResourceInvoker.<InvokeAsync>g__Awaited|17_0(ResourceInvoker invoker, Task task, IDisposable scope)
   at Microsoft.AspNetCore.Authorization.AuthorizationMiddleware.Invoke(HttpContext context)
   at Microsoft.AspNetCore.Authentication.AuthenticationMiddleware.Invoke(HttpContext context)
   at Serilog.AspNetCore.RequestLoggingMiddleware.Invoke(HttpContext httpContext)
2026-05-05 14:45:03.239 +07:00 [WRN] AppException [401]: Email hoặc mật khẩu không đúng.
2026-05-05 14:45:08.995 +07:00 [INF] HTTP OPTIONS /api/auth/login responded 204 in 0.0855 ms
2026-05-05 14:45:09.006 +07:00 [INF] POST /api/auth/login — Email: Test12@example.com
2026-05-05 14:45:09.317 +07:00 [INF] User 'Test12' logged in.
2026-05-05 14:45:09.326 +07:00 [INF] HTTP POST /api/auth/login responded 200 in 328.0532 ms
2026-05-05 14:45:09.330 +07:00 [INF] HTTP OPTIONS /api/session/runtime-id responded 204 in 0.1852 ms
2026-05-05 14:45:09.333 +07:00 [INF] HTTP GET /api/session/runtime-id responded 200 in 0.4491 ms
2026-05-05 14:45:09.362 +07:00 [INF] HTTP OPTIONS /api/hotels/all responded 204 in 0.1112 ms
2026-05-05 14:45:09.362 +07:00 [INF] HTTP OPTIONS /api/rooms responded 204 in 0.0431 ms
2026-05-05 14:45:09.417 +07:00 [INF] HTTP GET /api/rooms responded 200 in 49.6906 ms
2026-05-05 14:45:09.422 +07:00 [INF] HTTP GET /api/hotels/all responded 200 in 54.4405 ms
2026-05-05 14:45:17.725 +07:00 [INF] HTTP OPTIONS /api/auth/login responded 204 in 0.0746 ms
2026-05-05 14:45:17.736 +07:00 [INF] POST /api/auth/login — Email: admin@hotel.com
2026-05-05 14:45:17.982 +07:00 [INF] User 'admin' logged in.
2026-05-05 14:45:17.984 +07:00 [INF] HTTP POST /api/auth/login responded 200 in 255.6330 ms
2026-05-05 14:45:17.988 +07:00 [INF] HTTP OPTIONS /api/session/runtime-id responded 204 in 0.0681 ms
2026-05-05 14:45:17.992 +07:00 [INF] HTTP GET /api/session/runtime-id responded 200 in 0.4543 ms
2026-05-05 14:45:18.068 +07:00 [INF] HTTP OPTIONS /api/rooms responded 204 in 0.0611 ms
2026-05-05 14:45:18.079 +07:00 [INF] HTTP GET /api/rooms responded 200 in 8.4019 ms
2026-05-05 14:45:18.120 +07:00 [INF] HTTP OPTIONS /hubs/room/negotiate responded 204 in 0.0633 ms
2026-05-05 14:45:18.120 +07:00 [INF] HTTP OPTIONS /hubs/room/negotiate responded 204 in 0.0372 ms
2026-05-05 14:45:18.123 +07:00 [INF] HTTP POST /hubs/room/negotiate responded 200 in 0.5922 ms
2026-05-05 14:45:18.125 +07:00 [INF] HTTP POST /hubs/room/negotiate responded 200 in 0.4197 ms
2026-05-05 14:45:18.201 +07:00 [INF] SignalR Connected: UserId=1, Role=, ConnId=k6WKzcmhT2etrJYSuMew1g
2026-05-05 14:45:18.210 +07:00 [INF] SignalR Connected: UserId=1, Role=, ConnId=lswHhc_XASUghWjvdbOzCA
2026-05-05 14:45:29.633 +07:00 [INF] SignalR Disconnected: ConnId=k6WKzcmhT2etrJYSuMew1g
2026-05-05 14:45:29.633 +07:00 [INF] SignalR Disconnected: ConnId=lswHhc_XASUghWjvdbOzCA
2026-05-05 14:45:29.634 +07:00 [INF] HTTP GET /hubs/room responded 101 in 11438.0607 ms
2026-05-05 14:45:29.634 +07:00 [INF] HTTP GET /hubs/room responded 101 in 11426.4108 ms
2026-05-05 14:45:29.689 +07:00 [INF] HTTP OPTIONS /api/session/runtime-id responded 204 in 0.1111 ms
2026-05-05 14:45:29.692 +07:00 [INF] HTTP GET /api/session/runtime-id responded 200 in 0.3944 ms
2026-05-05 14:45:29.732 +07:00 [INF] HTTP OPTIONS /api/rooms responded 204 in 0.0643 ms
2026-05-05 14:45:29.744 +07:00 [INF] HTTP GET /api/rooms responded 200 in 9.7174 ms
2026-05-05 14:45:29.754 +07:00 [INF] HTTP OPTIONS /hubs/room/negotiate responded 204 in 0.0738 ms
2026-05-05 14:45:29.754 +07:00 [INF] HTTP OPTIONS /hubs/room/negotiate responded 204 in 0.0299 ms
2026-05-05 14:45:29.758 +07:00 [INF] HTTP POST /hubs/room/negotiate responded 200 in 0.6555 ms
2026-05-05 14:45:29.761 +07:00 [INF] HTTP POST /hubs/room/negotiate responded 200 in 0.5101 ms
2026-05-05 14:45:29.819 +07:00 [INF] SignalR Connected: UserId=1, Role=, ConnId=O5Tgx0essZ9_HceFjbdSpw
2026-05-05 14:45:29.834 +07:00 [INF] SignalR Connected: UserId=1, Role=, ConnId=U21dbcttADTDGjDhCberPg
2026-05-05 14:45:32.741 +07:00 [INF] HTTP OPTIONS /api/reports/occupancy responded 204 in 0.0874 ms
2026-05-05 14:45:32.741 +07:00 [INF] HTTP OPTIONS /api/reports/revenue responded 204 in 0.0154 ms
2026-05-05 14:45:32.753 +07:00 [INF] GET /api/reports/occupancy — From: "2026-05-05T00:00:00.0000000", To: "2026-05-05T00:00:00.0000000", Hotel: null
2026-05-05 14:45:32.753 +07:00 [INF] GET /api/reports/revenue — From: "2026-04-28T00:00:00.0000000", To: "2026-05-05T00:00:00.0000000"
2026-05-05 14:45:32.760 +07:00 [INF] HTTP GET /api/reports/revenue responded 200 in 13.5955 ms
2026-05-05 14:45:32.760 +07:00 [INF] HTTP GET /api/reports/occupancy responded 200 in 14.6262 ms
2026-05-05 14:45:42.843 +07:00 [INF] HTTP OPTIONS /api/hotels responded 204 in 0.0542 ms
2026-05-05 14:45:42.901 +07:00 [INF] HTTP GET /api/hotels responded 200 in 52.9256 ms
2026-05-05 14:45:44.139 +07:00 [INF] HTTP OPTIONS /api/hotels/all responded 204 in 0.0459 ms
2026-05-05 14:45:44.140 +07:00 [INF] HTTP OPTIONS /api/room-types/all responded 204 in 0.0337 ms
2026-05-05 14:45:44.154 +07:00 [INF] HTTP GET /api/hotels/all responded 200 in 10.6694 ms
2026-05-05 14:45:44.183 +07:00 [INF] HTTP GET /api/room-types/all responded 200 in 38.1111 ms
2026-05-05 14:45:45.116 +07:00 [INF] HTTP OPTIONS /api/rooms responded 204 in 0.0629 ms
2026-05-05 14:45:45.131 +07:00 [INF] HTTP GET /api/rooms responded 200 in 11.2617 ms
2026-05-05 14:45:47.591 +07:00 [INF] HTTP OPTIONS /api/bookings responded 204 in 0.0754 ms
2026-05-05 14:45:47.644 +07:00 [INF] GET /api/bookings — Page: 1, Filter: {"GuestName":null,"Status":null,"CheckInFrom":null,"CheckInTo":null,"Page":1,"PageSize":20,"$type":"BookingFilterDto"}
2026-05-05 14:45:47.750 +07:00 [INF] HTTP GET /api/bookings responded 200 in 154.4409 ms
2026-05-05 14:45:50.802 +07:00 [INF] HTTP OPTIONS /api/bookings/8 responded 204 in 0.1199 ms
2026-05-05 14:45:50.816 +07:00 [INF] GET /api/bookings/8
2026-05-05 14:45:50.840 +07:00 [WRN] Compiling a query which loads related collections for more than one collection navigation, either via 'Include' or through projection, but no 'QuerySplittingBehavior' has been configured. By default, Entity Framework will use 'QuerySplittingBehavior.SingleQuery', which can potentially result in slow query performance. See https://go.microsoft.com/fwlink/?linkid=2134277 for more information. To identify the query that's triggering this warning call 'ConfigureWarnings(w => w.Throw(RelationalEventId.MultipleCollectionIncludeWarning))'.
2026-05-05 14:45:50.921 +07:00 [INF] HTTP GET /api/bookings/8 responded 200 in 115.2768 ms
2026-05-05 14:45:59.463 +07:00 [INF] HTTP OPTIONS /api/invoices responded 204 in 0.0439 ms
2026-05-05 14:45:59.505 +07:00 [WRN] Compiling a query which loads related collections for more than one collection navigation, either via 'Include' or through projection, but no 'QuerySplittingBehavior' has been configured. By default, Entity Framework will use 'QuerySplittingBehavior.SingleQuery', which can potentially result in slow query performance. See https://go.microsoft.com/fwlink/?linkid=2134277 for more information. To identify the query that's triggering this warning call 'ConfigureWarnings(w => w.Throw(RelationalEventId.MultipleCollectionIncludeWarning))'.
2026-05-05 14:45:59.567 +07:00 [INF] HTTP GET /api/invoices responded 200 in 99.5576 ms
2026-05-05 14:46:00.091 +07:00 [INF] HTTP OPTIONS /api/housekeeping responded 204 in 0.0581 ms
2026-05-05 14:46:00.174 +07:00 [INF] HTTP GET /api/housekeeping responded 200 in 78.3634 ms
2026-05-05 14:46:15.620 +07:00 [INF] HTTP OPTIONS /api/rooms responded 204 in 0.0758 ms
2026-05-05 14:46:15.635 +07:00 [INF] HTTP GET /api/rooms responded 200 in 11.2724 ms
2026-05-05 14:46:17.941 +07:00 [INF] HTTP OPTIONS /api/rooms/1 responded 204 in 0.0323 ms
2026-05-05 14:46:17.992 +07:00 [INF] HTTP GET /api/rooms/1 responded 200 in 47.1528 ms
2026-05-05 14:46:20.833 +07:00 [INF] HTTP OPTIONS /api/bookings/available-rooms responded 204 in 0.0413 ms
2026-05-05 14:46:20.856 +07:00 [INF] GET /api/bookings/available-rooms — CheckIn: "2026-05-06T00:00:00.0000000", CheckOut: "2026-05-07T00:00:00.0000000"
2026-05-05 14:46:20.911 +07:00 [INF] HTTP GET /api/bookings/available-rooms responded 200 in 75.0521 ms
2026-05-05 14:46:24.372 +07:00 [INF] HTTP OPTIONS /api/rateplans responded 204 in 0.0337 ms
2026-05-05 14:46:24.404 +07:00 [INF] HTTP GET /api/rateplans responded 200 in 27.3741 ms
2026-05-05 14:46:24.408 +07:00 [INF] HTTP OPTIONS /api/bookings responded 204 in 0.0347 ms
2026-05-05 14:46:24.431 +07:00 [INF] POST /api/bookings — Guest: 2, RatePlan: 1, Rooms: [1]
2026-05-05 14:46:24.614 +07:00 [INF] Booking #9 created successfully.
2026-05-05 14:46:24.616 +07:00 [INF] HTTP POST /api/bookings responded 201 in 205.2554 ms
2026-05-05 14:46:26.661 +07:00 [INF] HTTP OPTIONS /api/bookings/9 responded 204 in 0.0807 ms
2026-05-05 14:46:26.674 +07:00 [INF] GET /api/bookings/9
2026-05-05 14:46:26.687 +07:00 [INF] HTTP GET /api/bookings/9 responded 200 in 21.1142 ms
2026-05-05 14:46:26.690 +07:00 [INF] HTTP OPTIONS /api/invoices/booking/9 responded 204 in 0.0272 ms
2026-05-05 14:46:26.715 +07:00 [WRN] Compiling a query which loads related collections for more than one collection navigation, either via 'Include' or through projection, but no 'QuerySplittingBehavior' has been configured. By default, Entity Framework will use 'QuerySplittingBehavior.SingleQuery', which can potentially result in slow query performance. See https://go.microsoft.com/fwlink/?linkid=2134277 for more information. To identify the query that's triggering this warning call 'ConfigureWarnings(w => w.Throw(RelationalEventId.MultipleCollectionIncludeWarning))'.
2026-05-05 14:46:26.750 +07:00 [INF] HTTP GET /api/invoices/booking/9 responded 200 in 57.1813 ms
2026-05-05 14:46:30.295 +07:00 [INF] HTTP OPTIONS /api/housekeeping responded 204 in 0.0332 ms
2026-05-05 14:46:30.306 +07:00 [INF] HTTP GET /api/housekeeping responded 200 in 8.6064 ms
2026-05-05 14:46:31.260 +07:00 [INF] HTTP OPTIONS /api/payments responded 204 in 0.0326 ms
2026-05-05 14:46:31.347 +07:00 [INF] HTTP POST /api/payments responded 201 in 83.8668 ms
2026-05-05 14:46:33.865 +07:00 [INF] HTTP OPTIONS /api/hotels/all responded 204 in 0.0349 ms
2026-05-05 14:46:33.866 +07:00 [INF] HTTP OPTIONS /api/rooms responded 204 in 0.0327 ms
2026-05-05 14:46:33.882 +07:00 [INF] HTTP GET /api/rooms responded 200 in 10.7989 ms
2026-05-05 14:46:33.882 +07:00 [INF] HTTP GET /api/hotels/all responded 200 in 11.2132 ms
2026-05-05 14:46:42.722 +07:00 [INF] HTTP OPTIONS /api/invoices responded 204 in 0.0363 ms
2026-05-05 14:46:42.738 +07:00 [INF] HTTP GET /api/invoices responded 200 in 12.3511 ms
2026-05-05 14:46:43.322 +07:00 [INF] HTTP OPTIONS /api/bookings responded 204 in 0.0276 ms
2026-05-05 14:46:43.334 +07:00 [INF] GET /api/bookings — Page: 1, Filter: {"GuestName":null,"Status":null,"CheckInFrom":null,"CheckInTo":null,"Page":1,"PageSize":20,"$type":"BookingFilterDto"}
2026-05-05 14:46:43.342 +07:00 [INF] HTTP GET /api/bookings responded 200 in 16.7374 ms
2026-05-05 14:46:44.831 +07:00 [INF] HTTP OPTIONS /api/bookings/9 responded 204 in 0.0298 ms
2026-05-05 14:46:44.840 +07:00 [INF] GET /api/bookings/9
2026-05-05 14:46:44.845 +07:00 [INF] HTTP GET /api/bookings/9 responded 200 in 10.8361 ms
2026-05-05 14:46:57.446 +07:00 [INF] HTTP OPTIONS /api/bookings/checkin responded 204 in 0.0331 ms
2026-05-05 14:46:57.461 +07:00 [INF] PUT /api/bookings/checkin — BookingId: 9
2026-05-05 14:46:57.482 +07:00 [INF] Check-in thành công. Booking #9 — Guest: Test12
2026-05-05 14:46:57.486 +07:00 [INF] HTTP PUT /api/bookings/checkin responded 200 in 37.7225 ms
2026-05-05 14:46:57.511 +07:00 [INF] HTTP OPTIONS /api/bookings responded 204 in 0.0420 ms
2026-05-05 14:46:57.522 +07:00 [INF] GET /api/bookings — Page: 1, Filter: {"GuestName":null,"Status":null,"CheckInFrom":null,"CheckInTo":null,"Page":1,"PageSize":20,"$type":"BookingFilterDto"}
2026-05-05 14:46:57.531 +07:00 [INF] HTTP GET /api/bookings responded 200 in 17.3056 ms
2026-05-05 14:47:00.471 +07:00 [INF] HTTP OPTIONS /api/rooms responded 204 in 0.0404 ms
2026-05-05 14:47:00.486 +07:00 [INF] HTTP GET /api/rooms responded 200 in 9.1490 ms
2026-05-05 14:47:03.100 +07:00 [INF] HTTP OPTIONS /api/bookings/available-rooms responded 204 in 0.0379 ms
2026-05-05 14:47:03.112 +07:00 [INF] GET /api/bookings/available-rooms — CheckIn: "2026-05-06T00:00:00.0000000", CheckOut: "2026-05-07T00:00:00.0000000"
2026-05-05 14:47:03.118 +07:00 [INF] HTTP GET /api/bookings/available-rooms responded 200 in 14.1052 ms
2026-05-05 14:47:06.992 +07:00 [INF] HTTP OPTIONS /api/rateplans responded 204 in 0.0285 ms
2026-05-05 14:47:07.004 +07:00 [INF] HTTP GET /api/rateplans responded 200 in 8.7400 ms
2026-05-05 14:47:07.008 +07:00 [INF] HTTP OPTIONS /api/bookings responded 204 in 0.0310 ms
2026-05-05 14:47:07.018 +07:00 [INF] POST /api/bookings — Guest: 2, RatePlan: 1, Rooms: [2]
2026-05-05 14:47:07.041 +07:00 [INF] Booking #10 created successfully.
2026-05-05 14:47:07.042 +07:00 [INF] HTTP POST /api/bookings responded 201 in 31.0386 ms
2026-05-05 14:47:09.063 +07:00 [INF] HTTP OPTIONS /api/bookings/10 responded 204 in 0.0353 ms
2026-05-05 14:47:09.075 +07:00 [INF] GET /api/bookings/10
2026-05-05 14:47:09.081 +07:00 [INF] HTTP GET /api/bookings/10 responded 200 in 13.7153 ms
2026-05-05 14:47:09.085 +07:00 [INF] HTTP OPTIONS /api/invoices/booking/10 responded 204 in 0.0273 ms
2026-05-05 14:47:09.096 +07:00 [INF] HTTP GET /api/invoices/booking/10 responded 200 in 8.8644 ms
2026-05-05 14:47:16.245 +07:00 [INF] HTTP OPTIONS /api/payments responded 204 in 0.0407 ms
2026-05-05 14:47:16.264 +07:00 [INF] HTTP POST /api/payments responded 201 in 15.9413 ms
2026-05-05 14:47:18.796 +07:00 [INF] HTTP OPTIONS /api/hotels/all responded 204 in 0.0378 ms
2026-05-05 14:47:18.796 +07:00 [INF] HTTP OPTIONS /api/rooms responded 204 in 0.0172 ms
2026-05-05 14:47:18.811 +07:00 [INF] HTTP GET /api/hotels/all responded 200 in 11.1981 ms
2026-05-05 14:47:18.812 +07:00 [INF] HTTP GET /api/rooms responded 200 in 10.1272 ms
2026-05-05 14:47:21.887 +07:00 [INF] HTTP OPTIONS /api/bookings/my-bookings responded 204 in 0.0352 ms
2026-05-05 14:47:21.907 +07:00 [INF] GET /api/bookings/my-bookings — UserId: 2
2026-05-05 14:47:21.945 +07:00 [INF] HTTP GET /api/bookings/my-bookings responded 200 in 50.6143 ms
2026-05-05 14:47:36.717 +07:00 [INF] HTTP OPTIONS /api/housekeeping responded 204 in 0.0375 ms
2026-05-05 14:47:36.732 +07:00 [INF] HTTP GET /api/housekeeping responded 200 in 11.2624 ms
2026-05-05 14:47:37.213 +07:00 [INF] HTTP OPTIONS /api/bookings responded 204 in 0.0372 ms
2026-05-05 14:47:37.225 +07:00 [INF] GET /api/bookings — Page: 1, Filter: {"GuestName":null,"Status":null,"CheckInFrom":null,"CheckInTo":null,"Page":1,"PageSize":20,"$type":"BookingFilterDto"}
2026-05-05 14:47:37.240 +07:00 [INF] HTTP GET /api/bookings responded 200 in 23.7377 ms
2026-05-05 14:47:43.158 +07:00 [INF] HTTP OPTIONS /api/bookings/10 responded 204 in 0.0394 ms
2026-05-05 14:47:43.169 +07:00 [INF] GET /api/bookings/10
2026-05-05 14:47:43.174 +07:00 [INF] HTTP GET /api/bookings/10 responded 200 in 12.4981 ms
2026-05-05 14:48:06.886 +07:00 [INF] HTTP OPTIONS /api/bookings/10 responded 204 in 0.0341 ms
2026-05-05 14:48:06.904 +07:00 [INF] DELETE /api/bookings/10
2026-05-05 14:48:06.919 +07:00 [INF] Booking #10 đã bị hủy.
2026-05-05 14:48:06.921 +07:00 [INF] HTTP DELETE /api/bookings/10 responded 200 in 31.4799 ms
2026-05-05 14:48:06.925 +07:00 [INF] HTTP OPTIONS /api/bookings/my-bookings responded 204 in 0.0260 ms
2026-05-05 14:48:06.936 +07:00 [INF] GET /api/bookings/my-bookings — UserId: 2
2026-05-05 14:48:06.940 +07:00 [INF] HTTP GET /api/bookings/my-bookings responded 200 in 10.8992 ms
2026-05-05 14:48:10.700 +07:00 [INF] HTTP OPTIONS /api/rooms responded 204 in 0.0399 ms
2026-05-05 14:48:10.714 +07:00 [INF] HTTP GET /api/rooms responded 200 in 9.8382 ms
2026-05-05 14:48:14.861 +07:00 [INF] SignalR Disconnected: ConnId=U21dbcttADTDGjDhCberPg
2026-05-05 14:48:14.861 +07:00 [INF] SignalR Disconnected: ConnId=O5Tgx0essZ9_HceFjbdSpw
2026-05-05 14:48:14.862 +07:00 [INF] HTTP GET /hubs/room responded 101 in 165031.4683 ms
2026-05-05 14:48:14.863 +07:00 [INF] HTTP GET /hubs/room responded 101 in 165046.7079 ms
2026-05-05 14:48:14.936 +07:00 [INF] HTTP OPTIONS /api/session/runtime-id responded 204 in 0.0305 ms
2026-05-05 14:48:14.940 +07:00 [INF] HTTP GET /api/session/runtime-id responded 200 in 0.2074 ms
2026-05-05 14:48:15.001 +07:00 [INF] HTTP OPTIONS /api/bookings responded 204 in 0.0543 ms
2026-05-05 14:48:15.012 +07:00 [INF] GET /api/bookings — Page: 1, Filter: {"GuestName":null,"Status":null,"CheckInFrom":null,"CheckInTo":null,"Page":1,"PageSize":20,"$type":"BookingFilterDto"}
2026-05-05 14:48:15.021 +07:00 [INF] HTTP GET /api/bookings responded 200 in 16.4985 ms
2026-05-05 14:48:15.035 +07:00 [INF] HTTP OPTIONS /hubs/room/negotiate responded 204 in 0.0314 ms
2026-05-05 14:48:15.039 +07:00 [INF] HTTP POST /hubs/room/negotiate responded 200 in 0.2960 ms
2026-05-05 14:48:15.129 +07:00 [INF] SignalR Connected: UserId=1, Role=, ConnId=C79K41oR_aO9CFDuXVA1dQ
2026-05-05 14:48:16.895 +07:00 [INF] HTTP OPTIONS /api/bookings/10 responded 204 in 0.0292 ms
2026-05-05 14:48:16.905 +07:00 [INF] GET /api/bookings/10
2026-05-05 14:48:16.909 +07:00 [INF] HTTP GET /api/bookings/10 responded 200 in 10.8110 ms
2026-05-05 14:48:21.316 +07:00 [INF] HTTP OPTIONS /api/bookings/available-rooms responded 204 in 0.0359 ms
2026-05-05 14:48:21.326 +07:00 [INF] GET /api/bookings/available-rooms — CheckIn: "2026-05-06T00:00:00.0000000", CheckOut: "2026-05-07T00:00:00.0000000"
2026-05-05 14:48:21.332 +07:00 [INF] HTTP GET /api/bookings/available-rooms responded 200 in 12.9691 ms
2026-05-05 14:48:41.401 +07:00 [INF] HTTP OPTIONS /api/bookings/available-rooms responded 204 in 0.0305 ms
2026-05-05 14:48:41.411 +07:00 [INF] GET /api/bookings/available-rooms — CheckIn: "2026-05-06T00:00:00.0000000", CheckOut: "2026-05-07T00:00:00.0000000"
2026-05-05 14:48:41.416 +07:00 [INF] HTTP GET /api/bookings/available-rooms responded 200 in 11.9334 ms
2026-05-05 14:48:49.257 +07:00 [INF] HTTP OPTIONS /api/rooms/2 responded 204 in 0.0291 ms
2026-05-05 14:48:49.270 +07:00 [INF] HTTP GET /api/rooms/2 responded 200 in 9.5111 ms
2026-05-05 14:49:10.942 +07:00 [INF] HTTP OPTIONS /api/bookings/checkout responded 204 in 0.0303 ms
2026-05-05 14:49:10.960 +07:00 [INF] PUT /api/bookings/checkout — BookingId: 9
2026-05-05 14:49:10.995 +07:00 [INF] Check-out thành công. Booking #9 — Phòng đã chuyển sang Dirty.
2026-05-05 14:49:10.996 +07:00 [INF] HTTP PUT /api/bookings/checkout responded 200 in 50.3714 ms
2026-05-05 14:49:11.085 +07:00 [INF] HTTP OPTIONS /api/bookings responded 204 in 0.0286 ms
2026-05-05 14:49:11.095 +07:00 [INF] GET /api/bookings — Page: 1, Filter: {"GuestName":null,"Status":null,"CheckInFrom":null,"CheckInTo":null,"Page":1,"PageSize":20,"$type":"BookingFilterDto"}
2026-05-05 14:49:11.101 +07:00 [INF] HTTP GET /api/bookings responded 200 in 13.4469 ms
2026-05-05 14:49:14.595 +07:00 [INF] HTTP OPTIONS /api/rooms responded 204 in 0.0329 ms
2026-05-05 14:49:14.610 +07:00 [INF] HTTP GET /api/rooms responded 200 in 9.3541 ms
2026-05-05 14:49:16.499 +07:00 [INF] HTTP OPTIONS /api/bookings/available-rooms responded 204 in 0.0331 ms
2026-05-05 14:49:16.511 +07:00 [INF] GET /api/bookings/available-rooms — CheckIn: "2026-05-06T00:00:00.0000000", CheckOut: "2026-05-07T00:00:00.0000000"
2026-05-05 14:49:16.516 +07:00 [INF] HTTP GET /api/bookings/available-rooms responded 200 in 13.6644 ms
2026-05-05 14:49:19.458 +07:00 [INF] HTTP OPTIONS /api/rateplans responded 204 in 0.0266 ms
2026-05-05 14:49:19.469 +07:00 [INF] HTTP GET /api/rateplans responded 200 in 8.3328 ms
2026-05-05 14:49:19.473 +07:00 [INF] HTTP OPTIONS /api/bookings responded 204 in 0.0326 ms
2026-05-05 14:49:19.483 +07:00 [INF] POST /api/bookings — Guest: 2, RatePlan: 1, Rooms: [2]
2026-05-05 14:49:19.500 +07:00 [INF] Booking #11 created successfully.
2026-05-05 14:49:19.501 +07:00 [INF] HTTP POST /api/bookings responded 201 in 25.5714 ms
2026-05-05 14:49:21.529 +07:00 [INF] HTTP OPTIONS /api/bookings/11 responded 204 in 0.0406 ms
2026-05-05 14:49:21.541 +07:00 [INF] GET /api/bookings/11
2026-05-05 14:49:21.546 +07:00 [INF] HTTP GET /api/bookings/11 responded 200 in 12.0799 ms
2026-05-05 14:49:21.549 +07:00 [INF] HTTP OPTIONS /api/invoices/booking/11 responded 204 in 0.0270 ms
2026-05-05 14:49:21.562 +07:00 [INF] HTTP GET /api/invoices/booking/11 responded 200 in 8.6697 ms
2026-05-05 14:49:26.999 +07:00 [INF] HTTP OPTIONS /api/payments responded 204 in 0.1161 ms
2026-05-05 14:49:27.016 +07:00 [INF] HTTP POST /api/payments responded 201 in 13.9448 ms
2026-05-05 14:49:29.550 +07:00 [INF] HTTP OPTIONS /api/hotels/all responded 204 in 0.0470 ms
2026-05-05 14:49:29.552 +07:00 [INF] HTTP OPTIONS /api/rooms responded 204 in 0.0450 ms
2026-05-05 14:49:29.566 +07:00 [INF] HTTP GET /api/hotels/all responded 200 in 9.8868 ms
2026-05-05 14:49:29.567 +07:00 [INF] HTTP GET /api/rooms responded 200 in 9.4655 ms
2026-05-05 14:49:32.601 +07:00 [INF] HTTP OPTIONS /api/guest-account/profile responded 204 in 0.0269 ms
2026-05-05 14:49:32.638 +07:00 [INF] HTTP GET /api/guest-account/profile responded 200 in 33.2003 ms
2026-05-05 14:49:33.712 +07:00 [INF] HTTP OPTIONS /api/bookings/my-bookings responded 204 in 0.0362 ms
2026-05-05 14:49:33.724 +07:00 [INF] GET /api/bookings/my-bookings — UserId: 2
2026-05-05 14:49:33.727 +07:00 [INF] HTTP GET /api/bookings/my-bookings responded 200 in 11.6741 ms
2026-05-05 14:49:35.911 +07:00 [INF] HTTP GET /api/guest-account/profile responded 200 in 8.4863 ms
2026-05-05 14:49:39.135 +07:00 [INF] SignalR Disconnected: ConnId=C79K41oR_aO9CFDuXVA1dQ
2026-05-05 14:49:39.135 +07:00 [INF] HTTP GET /hubs/room responded 101 in 84018.7801 ms
2026-05-05 14:49:39.207 +07:00 [INF] HTTP OPTIONS /api/session/runtime-id responded 204 in 0.0256 ms
2026-05-05 14:49:39.210 +07:00 [INF] HTTP GET /api/session/runtime-id responded 200 in 0.2710 ms
2026-05-05 14:49:39.272 +07:00 [INF] HTTP OPTIONS /api/bookings responded 204 in 0.0371 ms
2026-05-05 14:49:39.282 +07:00 [INF] GET /api/bookings — Page: 1, Filter: {"GuestName":null,"Status":null,"CheckInFrom":null,"CheckInTo":null,"Page":1,"PageSize":20,"$type":"BookingFilterDto"}
2026-05-05 14:49:39.289 +07:00 [INF] HTTP GET /api/bookings responded 200 in 13.7104 ms
2026-05-05 14:49:39.300 +07:00 [INF] HTTP OPTIONS /hubs/room/negotiate responded 204 in 0.0339 ms
2026-05-05 14:49:39.307 +07:00 [INF] HTTP POST /hubs/room/negotiate responded 200 in 0.6583 ms
2026-05-05 14:49:39.423 +07:00 [INF] SignalR Connected: UserId=1, Role=, ConnId=h5rxDH5qEFOn30Eo2Gv7Uw
2026-05-05 14:49:41.417 +07:00 [INF] HTTP OPTIONS /api/bookings/checkin responded 204 in 0.0304 ms
2026-05-05 14:49:41.426 +07:00 [INF] PUT /api/bookings/checkin — BookingId: 11
2026-05-05 14:49:41.436 +07:00 [INF] Check-in thành công. Booking #11 — Guest: Test12
2026-05-05 14:49:41.437 +07:00 [INF] HTTP PUT /api/bookings/checkin responded 200 in 17.5172 ms
2026-05-05 14:49:41.462 +07:00 [INF] GET /api/bookings — Page: 1, Filter: {"GuestName":null,"Status":null,"CheckInFrom":null,"CheckInTo":null,"Page":1,"PageSize":20,"$type":"BookingFilterDto"}
2026-05-05 14:49:41.471 +07:00 [INF] HTTP GET /api/bookings responded 200 in 16.2724 ms
2026-05-05 14:50:29.956 +07:00 [INF] HTTP OPTIONS /api/bookings/checkout responded 204 in 0.0306 ms
2026-05-05 14:50:29.966 +07:00 [INF] PUT /api/bookings/checkout — BookingId: 11
2026-05-05 14:50:29.978 +07:00 [INF] Check-out thành công. Booking #11 — Phòng đã chuyển sang Dirty.
2026-05-05 14:50:29.979 +07:00 [INF] HTTP PUT /api/bookings/checkout responded 200 in 20.0912 ms
2026-05-05 14:50:30.070 +07:00 [INF] HTTP OPTIONS /api/bookings responded 204 in 0.0300 ms
2026-05-05 14:50:30.079 +07:00 [INF] GET /api/bookings — Page: 1, Filter: {"GuestName":null,"Status":null,"CheckInFrom":null,"CheckInTo":null,"Page":1,"PageSize":20,"$type":"BookingFilterDto"}
2026-05-05 14:50:30.087 +07:00 [INF] HTTP GET /api/bookings responded 200 in 14.5715 ms
2026-05-05 14:50:32.683 +07:00 [INF] HTTP OPTIONS /api/session/runtime-id responded 204 in 0.0272 ms
2026-05-05 14:50:32.685 +07:00 [INF] HTTP GET /api/session/runtime-id responded 200 in 0.1653 ms
2026-05-05 14:50:32.717 +07:00 [INF] HTTP OPTIONS /api/guest-account/profile responded 204 in 0.0371 ms
2026-05-05 14:50:32.728 +07:00 [INF] HTTP GET /api/guest-account/profile responded 200 in 8.7187 ms
2026-05-05 14:50:34.560 +07:00 [INF] HTTP OPTIONS /api/rooms responded 204 in 0.0270 ms
2026-05-05 14:50:34.574 +07:00 [INF] HTTP GET /api/rooms responded 200 in 9.1070 ms
2026-05-05 14:50:37.022 +07:00 [INF] HTTP OPTIONS /api/housekeeping responded 204 in 0.0297 ms
2026-05-05 14:50:37.034 +07:00 [INF] HTTP GET /api/housekeeping responded 200 in 8.6675 ms
2026-05-05 14:50:49.023 +07:00 [INF] HTTP OPTIONS /api/auth/login responded 204 in 0.0273 ms
2026-05-05 14:50:49.033 +07:00 [INF] POST /api/auth/login — Email: A@hotel.com
2026-05-05 14:50:49.270 +07:00 [INF] User 'nhanvienA' logged in.
2026-05-05 14:50:49.271 +07:00 [INF] HTTP POST /api/auth/login responded 200 in 244.5959 ms
2026-05-05 14:50:49.275 +07:00 [INF] HTTP OPTIONS /api/session/runtime-id responded 204 in 0.0317 ms
2026-05-05 14:50:49.278 +07:00 [INF] HTTP GET /api/session/runtime-id responded 200 in 0.2188 ms
2026-05-05 14:50:49.329 +07:00 [INF] HTTP OPTIONS /api/rooms responded 204 in 0.0648 ms
2026-05-05 14:50:49.339 +07:00 [INF] HTTP GET /api/rooms responded 200 in 6.8330 ms
2026-05-05 14:50:49.377 +07:00 [INF] HTTP OPTIONS /hubs/room/negotiate responded 204 in 0.0375 ms
2026-05-05 14:50:49.377 +07:00 [INF] HTTP OPTIONS /hubs/room/negotiate responded 204 in 0.0099 ms
2026-05-05 14:50:49.380 +07:00 [INF] HTTP POST /hubs/room/negotiate responded 200 in 0.3066 ms
2026-05-05 14:50:49.382 +07:00 [INF] HTTP POST /hubs/room/negotiate responded 200 in 0.3493 ms
2026-05-05 14:50:49.435 +07:00 [INF] SignalR Connected: UserId=4, Role=, ConnId=KJDpBtm2c_XgRyfdQXdQ9A
2026-05-05 14:50:49.448 +07:00 [INF] SignalR Connected: UserId=4, Role=, ConnId=BWYf8GnpWHR0xW3PdbTf2A
2026-05-05 14:50:50.491 +07:00 [INF] HTTP OPTIONS /api/housekeeping responded 204 in 0.0294 ms
2026-05-05 14:50:50.504 +07:00 [INF] HTTP GET /api/housekeeping responded 200 in 8.7227 ms
2026-05-05 14:50:56.318 +07:00 [INF] HTTP OPTIONS /api/housekeeping/3/status responded 204 in 0.1369 ms
2026-05-05 14:50:56.351 +07:00 [INF] HousekeepingTask #3 status: "Pending" → "InProgress" by User #4.
2026-05-05 14:50:56.379 +07:00 [INF] HTTP PUT /api/housekeeping/3/status responded 200 in 57.2431 ms
2026-05-05 14:51:01.757 +07:00 [INF] HTTP OPTIONS /api/housekeeping/4/status responded 204 in 0.0482 ms
2026-05-05 14:51:01.772 +07:00 [INF] HousekeepingTask #4 status: "Pending" → "InProgress" by User #4.
2026-05-05 14:51:01.775 +07:00 [INF] HTTP PUT /api/housekeeping/4/status responded 200 in 15.3254 ms
2026-05-05 14:51:04.274 +07:00 [INF] HTTP OPTIONS /api/housekeeping/3/status responded 204 in 0.0323 ms
2026-05-05 14:51:04.285 +07:00 [INF] Room #1 (D101) → Available after cleaning task #3.
2026-05-05 14:51:04.291 +07:00 [INF] HousekeepingTask #3 status: "InProgress" → "Completed" by User #4.
2026-05-05 14:51:04.295 +07:00 [INF] HTTP PUT /api/housekeeping/3/status responded 200 in 17.4481 ms
2026-05-05 14:51:05.486 +07:00 [INF] Room #2 (D102) → Available after cleaning task #4.
2026-05-05 14:51:05.492 +07:00 [INF] HousekeepingTask #4 status: "InProgress" → "Completed" by User #4.
2026-05-05 14:51:05.494 +07:00 [INF] HTTP PUT /api/housekeeping/4/status responded 200 in 16.2879 ms
2026-05-05 14:51:07.302 +07:00 [INF] HTTP OPTIONS /api/housekeeping responded 204 in 0.0299 ms
2026-05-05 14:51:07.312 +07:00 [INF] HTTP GET /api/housekeeping responded 200 in 7.0187 ms
2026-05-05 14:51:08.027 +07:00 [INF] SignalR Disconnected: ConnId=BWYf8GnpWHR0xW3PdbTf2A
2026-05-05 14:51:08.027 +07:00 [INF] SignalR Disconnected: ConnId=KJDpBtm2c_XgRyfdQXdQ9A
2026-05-05 14:51:08.028 +07:00 [INF] HTTP GET /hubs/room responded 101 in 18584.4667 ms
2026-05-05 14:51:08.029 +07:00 [INF] HTTP GET /hubs/room responded 101 in 18602.3833 ms
2026-05-05 14:51:16.057 +07:00 [INF] SignalR Disconnected: ConnId=h5rxDH5qEFOn30Eo2Gv7Uw
2026-05-05 14:51:16.058 +07:00 [INF] HTTP GET /hubs/room responded 101 in 96651.4570 ms
2026-05-05 14:51:19.035 +07:00 [INF] HTTP OPTIONS /api/session/runtime-id responded 204 in 0.0295 ms
2026-05-05 14:51:19.039 +07:00 [INF] HTTP GET /api/session/runtime-id responded 200 in 0.2687 ms
2026-05-05 14:51:19.067 +07:00 [INF] HTTP OPTIONS /api/rooms responded 204 in 0.0660 ms
2026-05-05 14:51:19.082 +07:00 [INF] HTTP GET /api/rooms responded 200 in 10.5882 ms
